Tue Jun 16 10:15:53 AM CDT 2026
Requirement already satisfied: pip in ./envs/venv_py310_cafpyana/lib/python3.10/site-packages (23.0.1)
Collecting pip
  Downloading pip-26.1.2-py3-none-any.whl (1.8 MB)
     ━━━━━━━━━━━━━━━━━━━━━━━━━━━━━━━━━━━━━━━━ 1.8/1.8 MB 25.6 MB/s eta 0:00:00
Installing collected packages: pip
  Attempting uninstall: pip
    Found existing installation: pip 23.0.1
    Uninstalling pip-23.0.1:
      Successfully uninstalled pip-23.0.1
Successfully installed pip-26.1.2
Collecting wheel
  Downloading wheel-0.47.0-py3-none-any.whl.metadata (2.3 kB)
Requirement already satisfied: setuptools in ./envs/venv_py310_cafpyana/lib/python3.10/site-packages (65.5.0)
Collecting packaging>=24.0 (from wheel)
  Downloading packaging-26.2-py3-none-any.whl.metadata (3.5 kB)
Downloading wheel-0.47.0-py3-none-any.whl (32 kB)
Downloading packaging-26.2-py3-none-any.whl (100 kB)
Installing collected packages: packaging, wheel

Successfully installed packaging-26.2 wheel-0.47.0
Collecting cffi (from -r /exp/sbnd/data/users/xpuig/cafpyana/envs/pip_requirements.txt (line 1))
  Downloading cffi-2.0.0-cp310-cp310-manylinux2014_x86_64.manylinux_2_17_x86_64.whl.metadata (2.6 kB)
Collecting jupyterlab==4.3.5 (from -r /exp/sbnd/data/users/xpuig/cafpyana/envs/pip_requirements.txt (line 2))
  Downloading jupyterlab-4.3.5-py3-none-any.whl.metadata (16 kB)
Requirement already satisfied: numpy==1.26.4 in /cvmfs/larsoft.opensciencegrid.org/spack-fnal-v1.0.0/opt/spack/linux-x86_64_v2/py-numpy-1.26.4-bjfwdigla2ihyygih63foelrl4jedvx2/lib/python3.10/site-packages (from -r /exp/sbnd/data/users/xpuig/cafpyana/envs/pip_requirements.txt (line 3)) (1.26.4)
Collecting uproot==5.6.3 (from -r /exp/sbnd/data/users/xpuig/cafpyana/envs/pip_requirements.txt (line 4))
  Downloading uproot-5.6.3-py3-none-any.whl.metadata (33 kB)
Collecting matplotlib (from -r /exp/sbnd/data/users/xpuig/cafpyana/envs/pip_requirements.txt (line 5))
  Downloading matplotlib-3.10.9-cp310-cp310-manylinux2014_x86_64.manylinux_2_17_x86_64.whl.metadata (52 kB)
Collecting scipy (from -r /exp/sbnd/data/users/xpuig/cafpyana/envs/pip_requirements.txt (line 6))
  Downloading scipy-1.15.3-cp310-cp310-manylinux_2_17_x86_64.manylinux2014_x86_64.whl.metadata (61 kB)
Collecting pandas==2.2.2 (from -r /exp/sbnd/data/users/xpuig/cafpyana/envs/pip_requirements.txt (line 7))
  Downloading pandas-2.2.2-cp310-cp310-manylinux_2_17_x86_64.manylinux2014_x86_64.whl.metadata (19 kB)
Collecting awkward-pandas (from -r /exp/sbnd/data/users/xpuig/cafpyana/envs/pip_requirements.txt (line 8))
  Downloading awkward_pandas-2023.8.0-py3-none-any.whl.metadata (2.1 kB)
Collecting nbstripout (from -r /exp/sbnd/data/users/xpuig/cafpyana/envs/pip_requirements.txt (line 9))
  Downloading nbstripout-0.9.1-py3-none-any.whl.metadata (25 kB)
Collecting tqdm (from -r /exp/sbnd/data/users/xpuig/cafpyana/envs/pip_requirements.txt (line 10))
  Downloading tqdm-4.68.2-py3-none-any.whl.metadata (58 kB)
Collecting ipywidgets (from -r /exp/sbnd/data/users/xpuig/cafpyana/envs/pip_requirements.txt (line 11))
  Downloading ipywidgets-8.1.8-py3-none-any.whl.metadata (2.4 kB)
Collecting dill (from -r /exp/sbnd/data/users/xpuig/cafpyana/envs/pip_requirements.txt (line 12))
  Downloading dill-0.4.1-py3-none-any.whl.metadata (10 kB)
Collecting h5py (from -r /exp/sbnd/data/users/xpuig/cafpyana/envs/pip_requirements.txt (line 13))
  Downloading h5py-3.16.0-cp310-cp310-manylinux_2_28_x86_64.whl.metadata (3.0 kB)
Collecting tables (from -r /exp/sbnd/data/users/xpuig/cafpyana/envs/pip_requirements.txt (line 14))
  Downloading tables-3.10.1-cp310-cp310-manylinux_2_17_x86_64.manylinux2014_x86_64.whl.metadata (2.2 kB)
Collecting emcee (from -r /exp/sbnd/data/users/xpuig/cafpyana/envs/pip_requirements.txt (line 15))
  Downloading emcee-3.1.6-py2.py3-none-any.whl.metadata (3.0 kB)
Collecting corner (from -r /exp/sbnd/data/users/xpuig/cafpyana/envs/pip_requirements.txt (line 16))
  Downloading corner-2.2.3-py3-none-any.whl.metadata (2.2 kB)
Collecting lz4 (from -r /exp/sbnd/data/users/xpuig/cafpyana/envs/pip_requirements.txt (line 17))
  Downloading lz4-4.4.5-cp310-cp310-manylinux2014_x86_64.manylinux_2_17_x86_64.manylinux_2_28_x86_64.whl.metadata (3.8 kB)
Collecting xxhash (from -r /exp/sbnd/data/users/xpuig/cafpyana/envs/pip_requirements.txt (line 18))
  Downloading xxhash-3.7.0-cp310-cp310-manylinux2014_x86_64.manylinux_2_17_x86_64.manylinux_2_28_x86_64.whl.metadata (13 kB)
Collecting fsspec-xrootd (from -r /exp/sbnd/data/users/xpuig/cafpyana/envs/pip_requirements.txt (line 19))
  Downloading fsspec_xrootd-0.5.5-py3-none-any.whl.metadata (4.4 kB)
Collecting async-lru>=1.0.0 (from jupyterlab==4.3.5->-r /exp/sbnd/data/users/xpuig/cafpyana/envs/pip_requirements.txt (line 2))
  Downloading async_lru-2.3.0-py3-none-any.whl.metadata (7.6 kB)
Collecting httpx>=0.25.0 (from jupyterlab==4.3.5->-r /exp/sbnd/data/users/xpuig/cafpyana/envs/pip_requirements.txt (line 2))
  Downloading httpx-0.28.1-py3-none-any.whl.metadata (7.1 kB)
Collecting ipykernel>=6.5.0 (from jupyterlab==4.3.5->-r /exp/sbnd/data/users/xpuig/cafpyana/envs/pip_requirements.txt (line 2))
  Downloading ipykernel-7.3.0-py3-none-any.whl.metadata (4.5 kB)
Collecting jinja2>=3.0.3 (from jupyterlab==4.3.5->-r /exp/sbnd/data/users/xpuig/cafpyana/envs/pip_requirements.txt (line 2))
  Downloading jinja2-3.1.6-py3-none-any.whl.metadata (2.9 kB)
Collecting jupyter-core (from jupyterlab==4.3.5->-r /exp/sbnd/data/users/xpuig/cafpyana/envs/pip_requirements.txt (line 2))
  Downloading jupyter_core-5.9.1-py3-none-any.whl.metadata (1.5 kB)
Collecting jupyter-lsp>=2.0.0 (from jupyterlab==4.3.5->-r /exp/sbnd/data/users/xpuig/cafpyana/envs/pip_requirements.txt (line 2))
  Downloading jupyter_lsp-2.3.1-py3-none-any.whl.metadata (1.8 kB)
Collecting jupyter-server<3,>=2.4.0 (from jupyterlab==4.3.5->-r /exp/sbnd/data/users/xpuig/cafpyana/envs/pip_requirements.txt (line 2))
  Downloading jupyter_server-2.19.0-py3-none-any.whl.metadata (8.5 kB)
Collecting jupyterlab-server<3,>=2.27.1 (from jupyterlab==4.3.5->-r /exp/sbnd/data/users/xpuig/cafpyana/envs/pip_requirements.txt (line 2))
  Downloading jupyterlab_server-2.28.0-py3-none-any.whl.metadata (5.9 kB)
Collecting notebook-shim>=0.2 (from jupyterlab==4.3.5->-r /exp/sbnd/data/users/xpuig/cafpyana/envs/pip_requirements.txt (line 2))
  Downloading notebook_shim-0.2.4-py3-none-any.whl.metadata (4.0 kB)
Requirement already satisfied: packaging in ./envs/venv_py310_cafpyana/lib/python3.10/site-packages (from jupyterlab==4.3.5->-r /exp/sbnd/data/users/xpuig/cafpyana/envs/pip_requirements.txt (line 2)) (26.2)
Requirement already satisfied: setuptools>=40.8.0 in ./envs/venv_py310_cafpyana/lib/python3.10/site-packages (from jupyterlab==4.3.5->-r /exp/sbnd/data/users/xpuig/cafpyana/envs/pip_requirements.txt (line 2)) (65.5.0)
Collecting tomli>=1.2.2 (from jupyterlab==4.3.5->-r /exp/sbnd/data/users/xpuig/cafpyana/envs/pip_requirements.txt (line 2))
  Downloading tomli-2.4.1-py3-none-any.whl.metadata (10 kB)
Collecting tornado>=6.2.0 (from jupyterlab==4.3.5->-r /exp/sbnd/data/users/xpuig/cafpyana/envs/pip_requirements.txt (line 2))
  Downloading tornado-6.5.7-cp39-abi3-manylinux1_x86_64.manylinux_2_28_x86_64.manylinux_2_5_x86_64.whl.metadata (2.8 kB)
Collecting traitlets (from jupyterlab==4.3.5->-r /exp/sbnd/data/users/xpuig/cafpyana/envs/pip_requirements.txt (line 2))
  Downloading traitlets-5.15.1-py3-none-any.whl.metadata (10 kB)
Collecting awkward>=2.4.6 (from uproot==5.6.3->-r /exp/sbnd/data/users/xpuig/cafpyana/envs/pip_requirements.txt (line 4))
  Downloading awkward-2.9.1-py3-none-any.whl.metadata (7.4 kB)
Collecting cramjam>=2.5.0 (from uproot==5.6.3->-r /exp/sbnd/data/users/xpuig/cafpyana/envs/pip_requirements.txt (line 4))
  Downloading cramjam-2.11.0-cp310-cp310-manylinux_2_17_x86_64.manylinux2014_x86_64.whl.metadata (5.6 kB)
Collecting fsspec (from uproot==5.6.3->-r /exp/sbnd/data/users/xpuig/cafpyana/envs/pip_requirements.txt (line 4))
  Downloading fsspec-2026.6.0-py3-none-any.whl.metadata (10 kB)
Collecting typing-extensions>=4.1.0 (from uproot==5.6.3->-r /exp/sbnd/data/users/xpuig/cafpyana/envs/pip_requirements.txt (line 4))
  Downloading typing_extensions-4.15.0-py3-none-any.whl.metadata (3.3 kB)
Collecting python-dateutil>=2.8.2 (from pandas==2.2.2->-r /exp/sbnd/data/users/xpuig/cafpyana/envs/pip_requirements.txt (line 7))
  Downloading python_dateutil-2.9.0.post0-py2.py3-none-any.whl.metadata (8.4 kB)
Collecting pytz>=2020.1 (from pandas==2.2.2->-r /exp/sbnd/data/users/xpuig/cafpyana/envs/pip_requirements.txt (line 7))
  Downloading pytz-2026.2-py2.py3-none-any.whl.metadata (22 kB)
Collecting tzdata>=2022.7 (from pandas==2.2.2->-r /exp/sbnd/data/users/xpuig/cafpyana/envs/pip_requirements.txt (line 7))
  Downloading tzdata-2026.2-py2.py3-none-any.whl.metadata (1.4 kB)
Collecting anyio>=3.1.0 (from jupyter-server<3,>=2.4.0->jupyterlab==4.3.5->-r /exp/sbnd/data/users/xpuig/cafpyana/envs/pip_requirements.txt (line 2))
  Downloading anyio-4.14.0-py3-none-any.whl.metadata (4.6 kB)
Collecting argon2-cffi>=21.1 (from jupyter-server<3,>=2.4.0->jupyterlab==4.3.5->-r /exp/sbnd/data/users/xpuig/cafpyana/envs/pip_requirements.txt (line 2))
  Downloading argon2_cffi-25.1.0-py3-none-any.whl.metadata (4.1 kB)
Collecting jupyter-client>=7.4.4 (from jupyter-server<3,>=2.4.0->jupyterlab==4.3.5->-r /exp/sbnd/data/users/xpuig/cafpyana/envs/pip_requirements.txt (line 2))
  Downloading jupyter_client-8.9.1-py3-none-any.whl.metadata (8.5 kB)
Collecting jupyter-events>=0.11.0 (from jupyter-server<3,>=2.4.0->jupyterlab==4.3.5->-r /exp/sbnd/data/users/xpuig/cafpyana/envs/pip_requirements.txt (line 2))
  Downloading jupyter_events-0.12.1-py3-none-any.whl.metadata (5.8 kB)
Collecting jupyter-server-terminals>=0.4.4 (from jupyter-server<3,>=2.4.0->jupyterlab==4.3.5->-r /exp/sbnd/data/users/xpuig/cafpyana/envs/pip_requirements.txt (line 2))
  Downloading jupyter_server_terminals-0.5.4-py3-none-any.whl.metadata (5.9 kB)
Collecting nbconvert>=6.4.4 (from jupyter-server<3,>=2.4.0->jupyterlab==4.3.5->-r /exp/sbnd/data/users/xpuig/cafpyana/envs/pip_requirements.txt (line 2))
  Downloading nbconvert-7.17.1-py3-none-any.whl.metadata (8.4 kB)
Collecting nbformat>=5.3.0 (from jupyter-server<3,>=2.4.0->jupyterlab==4.3.5->-r /exp/sbnd/data/users/xpuig/cafpyana/envs/pip_requirements.txt (line 2))
  Downloading nbformat-5.10.4-py3-none-any.whl.metadata (3.6 kB)
Collecting overrides>=5.0 (from jupyter-server<3,>=2.4.0->jupyterlab==4.3.5->-r /exp/sbnd/data/users/xpuig/cafpyana/envs/pip_requirements.txt (line 2))
  Downloading overrides-7.7.0-py3-none-any.whl.metadata (5.8 kB)
Collecting prometheus-client>=0.9 (from jupyter-server<3,>=2.4.0->jupyterlab==4.3.5->-r /exp/sbnd/data/users/xpuig/cafpyana/envs/pip_requirements.txt (line 2))
  Downloading prometheus_client-0.25.0-py3-none-any.whl.metadata (2.1 kB)
Collecting pyzmq>=24 (from jupyter-server<3,>=2.4.0->jupyterlab==4.3.5->-r /exp/sbnd/data/users/xpuig/cafpyana/envs/pip_requirements.txt (line 2))
  Downloading pyzmq-27.1.0-cp310-cp310-manylinux_2_26_x86_64.manylinux_2_28_x86_64.whl.metadata (6.0 kB)
Collecting send2trash>=1.8.2 (from jupyter-server<3,>=2.4.0->jupyterlab==4.3.5->-r /exp/sbnd/data/users/xpuig/cafpyana/envs/pip_requirements.txt (line 2))
  Downloading send2trash-2.1.0-py3-none-any.whl.metadata (4.1 kB)
Collecting terminado>=0.8.3 (from jupyter-server<3,>=2.4.0->jupyterlab==4.3.5->-r /exp/sbnd/data/users/xpuig/cafpyana/envs/pip_requirements.txt (line 2))
  Downloading terminado-0.18.1-py3-none-any.whl.metadata (5.8 kB)
Collecting websocket-client>=1.7 (from jupyter-server<3,>=2.4.0->jupyterlab==4.3.5->-r /exp/sbnd/data/users/xpuig/cafpyana/envs/pip_requirements.txt (line 2))
  Downloading websocket_client-1.9.0-py3-none-any.whl.metadata (8.3 kB)
Collecting babel>=2.10 (from jupyterlab-server<3,>=2.27.1->jupyterlab==4.3.5->-r /exp/sbnd/data/users/xpuig/cafpyana/envs/pip_requirements.txt (line 2))
  Downloading babel-2.18.0-py3-none-any.whl.metadata (2.2 kB)
Collecting json5>=0.9.0 (from jupyterlab-server<3,>=2.27.1->jupyterlab==4.3.5->-r /exp/sbnd/data/users/xpuig/cafpyana/envs/pip_requirements.txt (line 2))
  Downloading json5-0.14.0-py3-none-any.whl.metadata (36 kB)
Collecting jsonschema>=4.18.0 (from jupyterlab-server<3,>=2.27.1->jupyterlab==4.3.5->-r /exp/sbnd/data/users/xpuig/cafpyana/envs/pip_requirements.txt (line 2))
  Downloading jsonschema-4.26.0-py3-none-any.whl.metadata (7.6 kB)
Requirement already satisfied: requests>=2.31 in /cvmfs/fermilab.opensciencegrid.org/packages/common/py-requests/2.31.0/linux-almalinux9-x86_64_v2-gcc-11.4.1-u4i6ukxy5ooe5wh3k74vzctgmhrn3d67/lib/python3.9/site-packages (from jupyterlab-server<3,>=2.27.1->jupyterlab==4.3.5->-r /exp/sbnd/data/users/xpuig/cafpyana/envs/pip_requirements.txt (line 2)) (2.31.0)
Collecting pycparser (from cffi->-r /exp/sbnd/data/users/xpuig/cafpyana/envs/pip_requirements.txt (line 1))
  Downloading pycparser-3.0-py3-none-any.whl.metadata (8.2 kB)
Collecting contourpy>=1.0.1 (from matplotlib->-r /exp/sbnd/data/users/xpuig/cafpyana/envs/pip_requirements.txt (line 5))
  Downloading contourpy-1.3.2-cp310-cp310-manylinux_2_17_x86_64.manylinux2014_x86_64.whl.metadata (5.5 kB)
Collecting cycler>=0.10 (from matplotlib->-r /exp/sbnd/data/users/xpuig/cafpyana/envs/pip_requirements.txt (line 5))
  Downloading cycler-0.12.1-py3-none-any.whl.metadata (3.8 kB)
Collecting fonttools>=4.22.0 (from matplotlib->-r /exp/sbnd/data/users/xpuig/cafpyana/envs/pip_requirements.txt (line 5))
  Downloading fonttools-4.63.0-cp310-cp310-manylinux2014_x86_64.manylinux_2_17_x86_64.whl.metadata (118 kB)
Collecting kiwisolver>=1.3.1 (from matplotlib->-r /exp/sbnd/data/users/xpuig/cafpyana/envs/pip_requirements.txt (line 5))
  Downloading kiwisolver-1.5.0-cp310-cp310-manylinux_2_12_x86_64.manylinux2010_x86_64.whl.metadata (5.1 kB)
Collecting pillow>=8 (from matplotlib->-r /exp/sbnd/data/users/xpuig/cafpyana/envs/pip_requirements.txt (line 5))
  Downloading pillow-12.2.0-cp310-cp310-manylinux_2_27_x86_64.manylinux_2_28_x86_64.whl.metadata (8.8 kB)
Collecting pyparsing>=3 (from matplotlib->-r /exp/sbnd/data/users/xpuig/cafpyana/envs/pip_requirements.txt (line 5))
  Downloading pyparsing-3.3.2-py3-none-any.whl.metadata (5.8 kB)
Collecting comm>=0.1.3 (from ipywidgets->-r /exp/sbnd/data/users/xpuig/cafpyana/envs/pip_requirements.txt (line 11))
  Downloading comm-0.2.3-py3-none-any.whl.metadata (3.7 kB)
Collecting ipython>=6.1.0 (from ipywidgets->-r /exp/sbnd/data/users/xpuig/cafpyana/envs/pip_requirements.txt (line 11))
  Downloading ipython-8.39.0-py3-none-any.whl.metadata (5.1 kB)
Collecting widgetsnbextension~=4.0.14 (from ipywidgets->-r /exp/sbnd/data/users/xpuig/cafpyana/envs/pip_requirements.txt (line 11))
  Downloading widgetsnbextension-4.0.15-py3-none-any.whl.metadata (1.6 kB)
Collecting jupyterlab_widgets~=3.0.15 (from ipywidgets->-r /exp/sbnd/data/users/xpuig/cafpyana/envs/pip_requirements.txt (line 11))
  Downloading jupyterlab_widgets-3.0.16-py3-none-any.whl.metadata (20 kB)
Collecting numexpr>=2.6.2 (from tables->-r /exp/sbnd/data/users/xpuig/cafpyana/envs/pip_requirements.txt (line 14))
  Downloading numexpr-2.14.1-cp310-cp310-manylinux_2_27_x86_64.manylinux_2_28_x86_64.whl.metadata (9.0 kB)
Collecting py-cpuinfo (from tables->-r /exp/sbnd/data/users/xpuig/cafpyana/envs/pip_requirements.txt (line 14))
  Downloading py_cpuinfo-9.0.0-py3-none-any.whl.metadata (794 bytes)
Collecting blosc2>=2.3.0 (from tables->-r /exp/sbnd/data/users/xpuig/cafpyana/envs/pip_requirements.txt (line 14))
  Downloading blosc2-4.3.3-cp310-cp310-manylinux2014_x86_64.manylinux_2_17_x86_64.whl.metadata (6.4 kB)
Collecting xrootd>=6.0.3 (from fsspec-xrootd->-r /exp/sbnd/data/users/xpuig/cafpyana/envs/pip_requirements.txt (line 19))
  Downloading xrootd-6.0.3-cp310-cp310-manylinux_2_28_x86_64.whl.metadata (5.4 kB)
Collecting exceptiongroup>=1.0.2 (from anyio>=3.1.0->jupyter-server<3,>=2.4.0->jupyterlab==4.3.5->-r /exp/sbnd/data/users/xpuig/cafpyana/envs/pip_requirements.txt (line 2))
  Downloading exceptiongroup-1.3.1-py3-none-any.whl.metadata (6.7 kB)
Requirement already satisfied: idna>=2.8 in /cvmfs/fermilab.opensciencegrid.org/packages/common/py-idna/3.4/linux-almalinux9-x86_64_v2-gcc-11.4.1-4z2dtzk7j5wbnqvv3tbaxjustzsbuy4q/lib/python3.9/site-packages (from anyio>=3.1.0->jupyter-server<3,>=2.4.0->jupyterlab==4.3.5->-r /exp/sbnd/data/users/xpuig/cafpyana/envs/pip_requirements.txt (line 2)) (3.4)
Collecting argon2-cffi-bindings (from argon2-cffi>=21.1->jupyter-server<3,>=2.4.0->jupyterlab==4.3.5->-r /exp/sbnd/data/users/xpuig/cafpyana/envs/pip_requirements.txt (line 2))
  Downloading argon2_cffi_bindings-25.1.0-cp39-abi3-manylinux_2_26_x86_64.manylinux_2_28_x86_64.whl.metadata (7.4 kB)
Collecting awkward-cpp==53 (from awkward>=2.4.6->uproot==5.6.3->-r /exp/sbnd/data/users/xpuig/cafpyana/envs/pip_requirements.txt (line 4))
  Downloading awkward_cpp-53-cp310-cp310-manylinux2014_x86_64.manylinux_2_17_x86_64.whl.metadata (2.1 kB)
Collecting importlib-metadata>=4.13.0 (from awkward>=2.4.6->uproot==5.6.3->-r /exp/sbnd/data/users/xpuig/cafpyana/envs/pip_requirements.txt (line 4))
  Downloading importlib_metadata-9.0.0-py3-none-any.whl.metadata (4.5 kB)
Collecting ndindex (from blosc2>=2.3.0->tables->-r /exp/sbnd/data/users/xpuig/cafpyana/envs/pip_requirements.txt (line 14))
  Downloading ndindex-1.10.1-cp310-cp310-manylinux_2_24_x86_64.manylinux_2_28_x86_64.whl.metadata (3.6 kB)
Collecting msgpack (from blosc2>=2.3.0->tables->-r /exp/sbnd/data/users/xpuig/cafpyana/envs/pip_requirements.txt (line 14))
  Downloading msgpack-1.2.0-cp310-cp310-manylinux2014_x86_64.manylinux_2_17_x86_64.manylinux_2_28_x86_64.whl.metadata (8.1 kB)
Collecting pydantic (from blosc2>=2.3.0->tables->-r /exp/sbnd/data/users/xpuig/cafpyana/envs/pip_requirements.txt (line 14))
  Downloading pydantic-2.13.4-py3-none-any.whl.metadata (109 kB)
Collecting threadpoolctl (from blosc2>=2.3.0->tables->-r /exp/sbnd/data/users/xpuig/cafpyana/envs/pip_requirements.txt (line 14))
  Downloading threadpoolctl-3.6.0-py3-none-any.whl.metadata (13 kB)
Requirement already satisfied: certifi in /cvmfs/fermilab.opensciencegrid.org/packages/common/py-certifi/2023.7.22/linux-almalinux9-x86_64_v2-gcc-11.4.1-pvizh2z2a4ygtl76pqwkexxeqd4qwhws/lib/python3.9/site-packages (from httpx>=0.25.0->jupyterlab==4.3.5->-r /exp/sbnd/data/users/xpuig/cafpyana/envs/pip_requirements.txt (line 2)) (2023.7.22)
Collecting httpcore==1.* (from httpx>=0.25.0->jupyterlab==4.3.5->-r /exp/sbnd/data/users/xpuig/cafpyana/envs/pip_requirements.txt (line 2))
  Downloading httpcore-1.0.9-py3-none-any.whl.metadata (21 kB)
Collecting h11>=0.16 (from httpcore==1.*->httpx>=0.25.0->jupyterlab==4.3.5->-r /exp/sbnd/data/users/xpuig/cafpyana/envs/pip_requirements.txt (line 2))
  Downloading h11-0.16.0-py3-none-any.whl.metadata (8.3 kB)
Collecting zipp>=3.20 (from importlib-metadata>=4.13.0->awkward>=2.4.6->uproot==5.6.3->-r /exp/sbnd/data/users/xpuig/cafpyana/envs/pip_requirements.txt (line 4))
  Downloading zipp-4.1.0-py3-none-any.whl.metadata (3.6 kB)
Collecting debugpy>=1.6.5 (from ipykernel>=6.5.0->jupyterlab==4.3.5->-r /exp/sbnd/data/users/xpuig/cafpyana/envs/pip_requirements.txt (line 2))
  Downloading debugpy-1.8.21-cp310-cp310-manylinux_2_34_x86_64.whl.metadata (1.4 kB)
Collecting matplotlib-inline>=0.1 (from ipykernel>=6.5.0->jupyterlab==4.3.5->-r /exp/sbnd/data/users/xpuig/cafpyana/envs/pip_requirements.txt (line 2))
  Downloading matplotlib_inline-0.2.2-py3-none-any.whl.metadata (2.4 kB)
Collecting nest-asyncio2>=1.7.0 (from ipykernel>=6.5.0->jupyterlab==4.3.5->-r /exp/sbnd/data/users/xpuig/cafpyana/envs/pip_requirements.txt (line 2))
  Downloading nest_asyncio2-1.7.2-py3-none-any.whl.metadata (6.3 kB)
Collecting psutil>=5.7 (from ipykernel>=6.5.0->jupyterlab==4.3.5->-r /exp/sbnd/data/users/xpuig/cafpyana/envs/pip_requirements.txt (line 2))
  Downloading psutil-7.2.2-cp36-abi3-manylinux2010_x86_64.manylinux_2_12_x86_64.manylinux_2_28_x86_64.whl.metadata (22 kB)
Collecting decorator (from ipython>=6.1.0->ipywidgets->-r /exp/sbnd/data/users/xpuig/cafpyana/envs/pip_requirements.txt (line 11))
  Downloading decorator-5.3.1-py3-none-any.whl.metadata (3.9 kB)
Collecting jedi>=0.16 (from ipython>=6.1.0->ipywidgets->-r /exp/sbnd/data/users/xpuig/cafpyana/envs/pip_requirements.txt (line 11))
  Downloading jedi-0.20.0-py2.py3-none-any.whl.metadata (23 kB)
Collecting pexpect>4.3 (from ipython>=6.1.0->ipywidgets->-r /exp/sbnd/data/users/xpuig/cafpyana/envs/pip_requirements.txt (line 11))
  Downloading pexpect-4.9.0-py2.py3-none-any.whl.metadata (2.5 kB)
Collecting prompt_toolkit<3.1.0,>=3.0.41 (from ipython>=6.1.0->ipywidgets->-r /exp/sbnd/data/users/xpuig/cafpyana/envs/pip_requirements.txt (line 11))
  Downloading prompt_toolkit-3.0.52-py3-none-any.whl.metadata (6.4 kB)
Collecting pygments>=2.4.0 (from ipython>=6.1.0->ipywidgets->-r /exp/sbnd/data/users/xpuig/cafpyana/envs/pip_requirements.txt (line 11))
  Downloading pygments-2.20.0-py3-none-any.whl.metadata (2.5 kB)
Collecting stack_data (from ipython>=6.1.0->ipywidgets->-r /exp/sbnd/data/users/xpuig/cafpyana/envs/pip_requirements.txt (line 11))
  Downloading stack_data-0.6.3-py3-none-any.whl.metadata (18 kB)
Collecting wcwidth (from prompt_toolkit<3.1.0,>=3.0.41->ipython>=6.1.0->ipywidgets->-r /exp/sbnd/data/users/xpuig/cafpyana/envs/pip_requirements.txt (line 11))
  Downloading wcwidth-0.8.1-py3-none-any.whl.metadata (43 kB)
Collecting parso<0.9.0,>=0.8.6 (from jedi>=0.16->ipython>=6.1.0->ipywidgets->-r /exp/sbnd/data/users/xpuig/cafpyana/envs/pip_requirements.txt (line 11))
  Downloading parso-0.8.7-py2.py3-none-any.whl.metadata (8.2 kB)
Collecting MarkupSafe>=2.0 (from jinja2>=3.0.3->jupyterlab==4.3.5->-r /exp/sbnd/data/users/xpuig/cafpyana/envs/pip_requirements.txt (line 2))
  Downloading markupsafe-3.0.3-cp310-cp310-manylinux2014_x86_64.manylinux_2_17_x86_64.manylinux_2_28_x86_64.whl.metadata (2.7 kB)
Collecting attrs>=22.2.0 (from jsonschema>=4.18.0->jupyterlab-server<3,>=2.27.1->jupyterlab==4.3.5->-r /exp/sbnd/data/users/xpuig/cafpyana/envs/pip_requirements.txt (line 2))
  Downloading attrs-26.1.0-py3-none-any.whl.metadata (8.8 kB)
Collecting jsonschema-specifications>=2023.03.6 (from jsonschema>=4.18.0->jupyterlab-server<3,>=2.27.1->jupyterlab==4.3.5->-r /exp/sbnd/data/users/xpuig/cafpyana/envs/pip_requirements.txt (line 2))
  Downloading jsonschema_specifications-2025.9.1-py3-none-any.whl.metadata (2.9 kB)
Collecting referencing>=0.28.4 (from jsonschema>=4.18.0->jupyterlab-server<3,>=2.27.1->jupyterlab==4.3.5->-r /exp/sbnd/data/users/xpuig/cafpyana/envs/pip_requirements.txt (line 2))
  Downloading referencing-0.37.0-py3-none-any.whl.metadata (2.8 kB)
Collecting rpds-py>=0.25.0 (from jsonschema>=4.18.0->jupyterlab-server<3,>=2.27.1->jupyterlab==4.3.5->-r /exp/sbnd/data/users/xpuig/cafpyana/envs/pip_requirements.txt (line 2))
  Downloading rpds_py-0.30.0-cp310-cp310-manylinux_2_17_x86_64.manylinux2014_x86_64.whl.metadata (4.1 kB)
Collecting platformdirs>=2.5 (from jupyter-core->jupyterlab==4.3.5->-r /exp/sbnd/data/users/xpuig/cafpyana/envs/pip_requirements.txt (line 2))
  Downloading platformdirs-4.10.0-py3-none-any.whl.metadata (5.5 kB)
Collecting python-json-logger>=2.0.4 (from jupyter-events>=0.11.0->jupyter-server<3,>=2.4.0->jupyterlab==4.3.5->-r /exp/sbnd/data/users/xpuig/cafpyana/envs/pip_requirements.txt (line 2))
  Downloading python_json_logger-4.1.0-py3-none-any.whl.metadata (3.7 kB)
Collecting pyyaml>=5.3 (from jupyter-events>=0.11.0->jupyter-server<3,>=2.4.0->jupyterlab==4.3.5->-r /exp/sbnd/data/users/xpuig/cafpyana/envs/pip_requirements.txt (line 2))
  Downloading pyyaml-6.0.3-cp310-cp310-manylinux2014_x86_64.manylinux_2_17_x86_64.manylinux_2_28_x86_64.whl.metadata (2.4 kB)
Collecting rfc3339-validator (from jupyter-events>=0.11.0->jupyter-server<3,>=2.4.0->jupyterlab==4.3.5->-r /exp/sbnd/data/users/xpuig/cafpyana/envs/pip_requirements.txt (line 2))
  Downloading rfc3339_validator-0.1.4-py2.py3-none-any.whl.metadata (1.5 kB)
Collecting rfc3986-validator>=0.1.1 (from jupyter-events>=0.11.0->jupyter-server<3,>=2.4.0->jupyterlab==4.3.5->-r /exp/sbnd/data/users/xpuig/cafpyana/envs/pip_requirements.txt (line 2))
  Downloading rfc3986_validator-0.1.1-py2.py3-none-any.whl.metadata (1.7 kB)
Collecting fqdn (from jsonschema[format-nongpl]>=4.18.0->jupyter-events>=0.11.0->jupyter-server<3,>=2.4.0->jupyterlab==4.3.5->-r /exp/sbnd/data/users/xpuig/cafpyana/envs/pip_requirements.txt (line 2))
  Downloading fqdn-1.5.1-py3-none-any.whl.metadata (1.4 kB)
Collecting isoduration (from jsonschema[format-nongpl]>=4.18.0->jupyter-events>=0.11.0->jupyter-server<3,>=2.4.0->jupyterlab==4.3.5->-r /exp/sbnd/data/users/xpuig/cafpyana/envs/pip_requirements.txt (line 2))
  Downloading isoduration-20.11.0-py3-none-any.whl.metadata (5.7 kB)
Collecting jsonpointer>1.13 (from jsonschema[format-nongpl]>=4.18.0->jupyter-events>=0.11.0->jupyter-server<3,>=2.4.0->jupyterlab==4.3.5->-r /exp/sbnd/data/users/xpuig/cafpyana/envs/pip_requirements.txt (line 2))
  Downloading jsonpointer-3.1.1-py3-none-any.whl.metadata (2.4 kB)
Collecting rfc3987-syntax>=1.1.0 (from jsonschema[format-nongpl]>=4.18.0->jupyter-events>=0.11.0->jupyter-server<3,>=2.4.0->jupyterlab==4.3.5->-r /exp/sbnd/data/users/xpuig/cafpyana/envs/pip_requirements.txt (line 2))
  Downloading rfc3987_syntax-1.1.0-py3-none-any.whl.metadata (7.7 kB)
Collecting uri-template (from jsonschema[format-nongpl]>=4.18.0->jupyter-events>=0.11.0->jupyter-server<3,>=2.4.0->jupyterlab==4.3.5->-r /exp/sbnd/data/users/xpuig/cafpyana/envs/pip_requirements.txt (line 2))
  Downloading uri_template-1.3.0-py3-none-any.whl.metadata (8.8 kB)
Collecting webcolors>=24.6.0 (from jsonschema[format-nongpl]>=4.18.0->jupyter-events>=0.11.0->jupyter-server<3,>=2.4.0->jupyterlab==4.3.5->-r /exp/sbnd/data/users/xpuig/cafpyana/envs/pip_requirements.txt (line 2))
  Downloading webcolors-25.10.0-py3-none-any.whl.metadata (2.2 kB)
Collecting beautifulsoup4 (from nbconvert>=6.4.4->jupyter-server<3,>=2.4.0->jupyterlab==4.3.5->-r /exp/sbnd/data/users/xpuig/cafpyana/envs/pip_requirements.txt (line 2))
  Downloading beautifulsoup4-4.15.0-py3-none-any.whl.metadata (3.8 kB)
Collecting bleach!=5.0.0 (from bleach[css]!=5.0.0->nbconvert>=6.4.4->jupyter-server<3,>=2.4.0->jupyterlab==4.3.5->-r /exp/sbnd/data/users/xpuig/cafpyana/envs/pip_requirements.txt (line 2))
  Downloading bleach-6.4.0-py3-none-any.whl.metadata (32 kB)
Collecting defusedxml (from nbconvert>=6.4.4->jupyter-server<3,>=2.4.0->jupyterlab==4.3.5->-r /exp/sbnd/data/users/xpuig/cafpyana/envs/pip_requirements.txt (line 2))
  Downloading defusedxml-0.7.1-py2.py3-none-any.whl.metadata (32 kB)
Collecting jupyterlab-pygments (from nbconvert>=6.4.4->jupyter-server<3,>=2.4.0->jupyterlab==4.3.5->-r /exp/sbnd/data/users/xpuig/cafpyana/envs/pip_requirements.txt (line 2))
  Downloading jupyterlab_pygments-0.3.0-py3-none-any.whl.metadata (4.4 kB)
Collecting mistune<4,>=2.0.3 (from nbconvert>=6.4.4->jupyter-server<3,>=2.4.0->jupyterlab==4.3.5->-r /exp/sbnd/data/users/xpuig/cafpyana/envs/pip_requirements.txt (line 2))
  Downloading mistune-3.2.1-py3-none-any.whl.metadata (1.9 kB)
Collecting nbclient>=0.5.0 (from nbconvert>=6.4.4->jupyter-server<3,>=2.4.0->jupyterlab==4.3.5->-r /exp/sbnd/data/users/xpuig/cafpyana/envs/pip_requirements.txt (line 2))
  Downloading nbclient-0.11.0-py3-none-any.whl.metadata (7.3 kB)
Collecting pandocfilters>=1.4.1 (from nbconvert>=6.4.4->jupyter-server<3,>=2.4.0->jupyterlab==4.3.5->-r /exp/sbnd/data/users/xpuig/cafpyana/envs/pip_requirements.txt (line 2))
  Downloading pandocfilters-1.5.1-py2.py3-none-any.whl.metadata (9.0 kB)
Collecting webencodings (from bleach!=5.0.0->bleach[css]!=5.0.0->nbconvert>=6.4.4->jupyter-server<3,>=2.4.0->jupyterlab==4.3.5->-r /exp/sbnd/data/users/xpuig/cafpyana/envs/pip_requirements.txt (line 2))
  Downloading webencodings-0.5.1-py2.py3-none-any.whl.metadata (2.1 kB)
Collecting tinycss2>=1.1.0 (from bleach[css]!=5.0.0->nbconvert>=6.4.4->jupyter-server<3,>=2.4.0->jupyterlab==4.3.5->-r /exp/sbnd/data/users/xpuig/cafpyana/envs/pip_requirements.txt (line 2))
  Downloading tinycss2-1.5.1-py3-none-any.whl.metadata (3.0 kB)
Collecting fastjsonschema>=2.15 (from nbformat>=5.3.0->jupyter-server<3,>=2.4.0->jupyterlab==4.3.5->-r /exp/sbnd/data/users/xpuig/cafpyana/envs/pip_requirements.txt (line 2))
  Downloading fastjsonschema-2.21.2-py3-none-any.whl.metadata (2.3 kB)
Collecting ptyprocess>=0.5 (from pexpect>4.3->ipython>=6.1.0->ipywidgets->-r /exp/sbnd/data/users/xpuig/cafpyana/envs/pip_requirements.txt (line 11))
  Downloading ptyprocess-0.7.0-py2.py3-none-any.whl.metadata (1.3 kB)
Collecting six>=1.5 (from python-dateutil>=2.8.2->pandas==2.2.2->-r /exp/sbnd/data/users/xpuig/cafpyana/envs/pip_requirements.txt (line 7))
  Downloading six-1.17.0-py2.py3-none-any.whl.metadata (1.7 kB)
Requirement already satisfied: charset-normalizer<4,>=2 in /cvmfs/fermilab.opensciencegrid.org/packages/common/py-charset-normalizer/3.3.0/linux-almalinux9-x86_64_v2-gcc-11.4.1-3acqio4thtvyb72ppli3n37l6er6bl4y/lib/python3.9/site-packages (from requests>=2.31->jupyterlab-server<3,>=2.27.1->jupyterlab==4.3.5->-r /exp/sbnd/data/users/xpuig/cafpyana/envs/pip_requirements.txt (line 2)) (3.3.0)
Requirement already satisfied: urllib3<3,>=1.21.1 in /cvmfs/fermilab.opensciencegrid.org/packages/common/py-urllib3/2.0.6/linux-almalinux9-x86_64_v2-gcc-11.4.1-bmjk2ygp2lx6vdxyxsstxlyoglcjn5sb/lib/python3.9/site-packages (from requests>=2.31->jupyterlab-server<3,>=2.27.1->jupyterlab==4.3.5->-r /exp/sbnd/data/users/xpuig/cafpyana/envs/pip_requirements.txt (line 2)) (2.0.6)
Collecting lark>=1.2.2 (from rfc3987-syntax>=1.1.0->jsonschema[format-nongpl]>=4.18.0->jupyter-events>=0.11.0->jupyter-server<3,>=2.4.0->jupyterlab==4.3.5->-r /exp/sbnd/data/users/xpuig/cafpyana/envs/pip_requirements.txt (line 2))
  Downloading lark-1.3.1-py3-none-any.whl.metadata (1.8 kB)
Collecting soupsieve>=1.6.1 (from beautifulsoup4->nbconvert>=6.4.4->jupyter-server<3,>=2.4.0->jupyterlab==4.3.5->-r /exp/sbnd/data/users/xpuig/cafpyana/envs/pip_requirements.txt (line 2))
  Downloading soupsieve-2.8.4-py3-none-any.whl.metadata (4.6 kB)
Collecting arrow>=0.15.0 (from isoduration->jsonschema[format-nongpl]>=4.18.0->jupyter-events>=0.11.0->jupyter-server<3,>=2.4.0->jupyterlab==4.3.5->-r /exp/sbnd/data/users/xpuig/cafpyana/envs/pip_requirements.txt (line 2))
  Downloading arrow-1.4.0-py3-none-any.whl.metadata (7.7 kB)
Collecting annotated-types>=0.6.0 (from pydantic->blosc2>=2.3.0->tables->-r /exp/sbnd/data/users/xpuig/cafpyana/envs/pip_requirements.txt (line 14))
  Downloading annotated_types-0.7.0-py3-none-any.whl.metadata (15 kB)
Collecting pydantic-core==2.46.4 (from pydantic->blosc2>=2.3.0->tables->-r /exp/sbnd/data/users/xpuig/cafpyana/envs/pip_requirements.txt (line 14))
  Downloading pydantic_core-2.46.4-cp310-cp310-manylinux_2_17_x86_64.manylinux2014_x86_64.whl.metadata (6.6 kB)
Collecting typing-inspection>=0.4.2 (from pydantic->blosc2>=2.3.0->tables->-r /exp/sbnd/data/users/xpuig/cafpyana/envs/pip_requirements.txt (line 14))
  Downloading typing_inspection-0.4.2-py3-none-any.whl.metadata (2.6 kB)
Collecting executing>=1.2.0 (from stack_data->ipython>=6.1.0->ipywidgets->-r /exp/sbnd/data/users/xpuig/cafpyana/envs/pip_requirements.txt (line 11))
  Downloading executing-2.2.1-py2.py3-none-any.whl.metadata (8.9 kB)
Collecting asttokens>=2.1.0 (from stack_data->ipython>=6.1.0->ipywidgets->-r /exp/sbnd/data/users/xpuig/cafpyana/envs/pip_requirements.txt (line 11))
  Downloading asttokens-3.0.1-py3-none-any.whl.metadata (4.9 kB)
Collecting pure-eval (from stack_data->ipython>=6.1.0->ipywidgets->-r /exp/sbnd/data/users/xpuig/cafpyana/envs/pip_requirements.txt (line 11))
  Downloading pure_eval-0.2.3-py3-none-any.whl.metadata (6.3 kB)
Downloading jupyterlab-4.3.5-py3-none-any.whl (11.7 MB)
   ━━━━━━━━━━━━━━━━━━━━━━━━━━━━━━━━━━━━━━━━ 11.7/11.7 MB 102.5 MB/s  0:00:00
Downloading uproot-5.6.3-py3-none-any.whl (382 kB)
Downloading pandas-2.2.2-cp310-cp310-manylinux_2_17_x86_64.manylinux2014_x86_64.whl (13.0 MB)
   ━━━━━━━━━━━━━━━━━━━━━━━━━━━━━━━━━━━━━━━━ 13.0/13.0 MB 114.0 MB/s  0:00:00
Downloading jupyter_server-2.19.0-py3-none-any.whl (392 kB)
Downloading jupyterlab_server-2.28.0-py3-none-any.whl (59 kB)
Downloading cffi-2.0.0-cp310-cp310-manylinux2014_x86_64.manylinux_2_17_x86_64.whl (216 kB)
Downloading matplotlib-3.10.9-cp310-cp310-manylinux2014_x86_64.manylinux_2_17_x86_64.whl (8.8 MB)
   ━━━━━━━━━━━━━━━━━━━━━━━━━━━━━━━━━━━━━━━━ 8.8/8.8 MB 88.1 MB/s  0:00:00
Downloading scipy-1.15.3-cp310-cp310-manylinux_2_17_x86_64.manylinux2014_x86_64.whl (37.7 MB)
   ━━━━━━━━━━━━━━━━━━━━━━━━━━━━━━━━━━━━━━━━ 37.7/37.7 MB 138.3 MB/s  0:00:00
Downloading awkward_pandas-2023.8.0-py3-none-any.whl (11 kB)
Downloading nbstripout-0.9.1-py3-none-any.whl (19 kB)
Downloading tqdm-4.68.2-py3-none-any.whl (78 kB)
Downloading ipywidgets-8.1.8-py3-none-any.whl (139 kB)
Downloading jupyterlab_widgets-3.0.16-py3-none-any.whl (914 kB)
   ━━━━━━━━━━━━━━━━━━━━━━━━━━━━━━━━━━━━━━━━ 914.9/914.9 kB 14.1 MB/s  0:00:00
Downloading widgetsnbextension-4.0.15-py3-none-any.whl (2.2 MB)
   ━━━━━━━━━━━━━━━━━━━━━━━━━━━━━━━━━━━━━━━━ 2.2/2.2 MB 26.2 MB/s  0:00:00
Downloading dill-0.4.1-py3-none-any.whl (120 kB)
Downloading h5py-3.16.0-cp310-cp310-manylinux_2_28_x86_64.whl (5.1 MB)
   ━━━━━━━━━━━━━━━━━━━━━━━━━━━━━━━━━━━━━━━━ 5.1/5.1 MB 68.0 MB/s  0:00:00
Downloading tables-3.10.1-cp310-cp310-manylinux_2_17_x86_64.manylinux2014_x86_64.whl (7.6 MB)
   ━━━━━━━━━━━━━━━━━━━━━━━━━━━━━━━━━━━━━━━━ 7.6/7.6 MB 84.6 MB/s  0:00:00
Downloading emcee-3.1.6-py2.py3-none-any.whl (47 kB)
Downloading corner-2.2.3-py3-none-any.whl (15 kB)
Downloading lz4-4.4.5-cp310-cp310-manylinux2014_x86_64.manylinux_2_17_x86_64.manylinux_2_28_x86_64.whl (1.4 MB)
   ━━━━━━━━━━━━━━━━━━━━━━━━━━━━━━━━━━━━━━━━ 1.4/1.4 MB 32.7 MB/s  0:00:00
Downloading xxhash-3.7.0-cp310-cp310-manylinux2014_x86_64.manylinux_2_17_x86_64.manylinux_2_28_x86_64.whl (193 kB)
Downloading fsspec_xrootd-0.5.5-py3-none-any.whl (15 kB)
Downloading anyio-4.14.0-py3-none-any.whl (123 kB)
Downloading argon2_cffi-25.1.0-py3-none-any.whl (14 kB)
Downloading async_lru-2.3.0-py3-none-any.whl (8.4 kB)
Downloading awkward-2.9.1-py3-none-any.whl (924 kB)
   ━━━━━━━━━━━━━━━━━━━━━━━━━━━━━━━━━━━━━━━━ 924.2/924.2 kB 24.6 MB/s  0:00:00
Downloading awkward_cpp-53-cp310-cp310-manylinux2014_x86_64.manylinux_2_17_x86_64.whl (657 kB)
   ━━━━━━━━━━━━━━━━━━━━━━━━━━━━━━━━━━━━━━━━ 657.3/657.3 kB 14.4 MB/s  0:00:00
Downloading babel-2.18.0-py3-none-any.whl (10.2 MB)
   ━━━━━━━━━━━━━━━━━━━━━━━━━━━━━━━━━━━━━━━━ 10.2/10.2 MB 67.2 MB/s  0:00:00
Downloading blosc2-4.3.3-cp310-cp310-manylinux2014_x86_64.manylinux_2_17_x86_64.whl (6.6 MB)
   ━━━━━━━━━━━━━━━━━━━━━━━━━━━━━━━━━━━━━━━━ 6.6/6.6 MB 51.0 MB/s  0:00:00
Downloading comm-0.2.3-py3-none-any.whl (7.3 kB)
Downloading contourpy-1.3.2-cp310-cp310-manylinux_2_17_x86_64.manylinux2014_x86_64.whl (325 kB)
Downloading cramjam-2.11.0-cp310-cp310-manylinux_2_17_x86_64.manylinux2014_x86_64.whl (2.0 MB)
   ━━━━━━━━━━━━━━━━━━━━━━━━━━━━━━━━━━━━━━━━ 2.0/2.0 MB 21.7 MB/s  0:00:00
Downloading cycler-0.12.1-py3-none-any.whl (8.3 kB)
Downloading exceptiongroup-1.3.1-py3-none-any.whl (16 kB)
Downloading fonttools-4.63.0-cp310-cp310-manylinux2014_x86_64.manylinux_2_17_x86_64.whl (4.9 MB)
   ━━━━━━━━━━━━━━━━━━━━━━━━━━━━━━━━━━━━━━━━ 4.9/4.9 MB 52.1 MB/s  0:00:00
Downloading fsspec-2026.6.0-py3-none-any.whl (203 kB)
Downloading httpx-0.28.1-py3-none-any.whl (73 kB)
Downloading httpcore-1.0.9-py3-none-any.whl (78 kB)
Downloading h11-0.16.0-py3-none-any.whl (37 kB)
Downloading importlib_metadata-9.0.0-py3-none-any.whl (27 kB)
Downloading ipykernel-7.3.0-py3-none-any.whl (120 kB)
Downloading debugpy-1.8.21-cp310-cp310-manylinux_2_34_x86_64.whl (3.0 MB)
   ━━━━━━━━━━━━━━━━━━━━━━━━━━━━━━━━━━━━━━━━ 3.0/3.0 MB 30.5 MB/s  0:00:00
Downloading ipython-8.39.0-py3-none-any.whl (831 kB)
   ━━━━━━━━━━━━━━━━━━━━━━━━━━━━━━━━━━━━━━━━ 831.8/831.8 kB 8.0 MB/s  0:00:00
Downloading prompt_toolkit-3.0.52-py3-none-any.whl (391 kB)
Downloading jedi-0.20.0-py2.py3-none-any.whl (4.9 MB)
   ━━━━━━━━━━━━━━━━━━━━━━━━━━━━━━━━━━━━━━━━ 4.9/4.9 MB 45.0 MB/s  0:00:00
Downloading parso-0.8.7-py2.py3-none-any.whl (107 kB)
Downloading jinja2-3.1.6-py3-none-any.whl (134 kB)
Downloading json5-0.14.0-py3-none-any.whl (36 kB)
Downloading jsonschema-4.26.0-py3-none-any.whl (90 kB)
Downloading attrs-26.1.0-py3-none-any.whl (67 kB)
Downloading jsonschema_specifications-2025.9.1-py3-none-any.whl (18 kB)
Downloading jupyter_client-8.9.1-py3-none-any.whl (109 kB)
Downloading jupyter_core-5.9.1-py3-none-any.whl (29 kB)
Downloading jupyter_events-0.12.1-py3-none-any.whl (19 kB)
Downloading jsonpointer-3.1.1-py3-none-any.whl (7.7 kB)
Downloading jupyter_lsp-2.3.1-py3-none-any.whl (77 kB)
Downloading jupyter_server_terminals-0.5.4-py3-none-any.whl (13 kB)
Downloading kiwisolver-1.5.0-cp310-cp310-manylinux_2_12_x86_64.manylinux2010_x86_64.whl (1.6 MB)
   ━━━━━━━━━━━━━━━━━━━━━━━━━━━━━━━━━━━━━━━━ 1.6/1.6 MB 22.2 MB/s  0:00:00
Downloading markupsafe-3.0.3-cp310-cp310-manylinux2014_x86_64.manylinux_2_17_x86_64.manylinux_2_28_x86_64.whl (20 kB)
Downloading matplotlib_inline-0.2.2-py3-none-any.whl (9.5 kB)
Downloading nbconvert-7.17.1-py3-none-any.whl (261 kB)
Downloading mistune-3.2.1-py3-none-any.whl (53 kB)
Downloading bleach-6.4.0-py3-none-any.whl (165 kB)
Downloading nbclient-0.11.0-py3-none-any.whl (25 kB)
Downloading nbformat-5.10.4-py3-none-any.whl (78 kB)
Downloading fastjsonschema-2.21.2-py3-none-any.whl (24 kB)
Downloading nest_asyncio2-1.7.2-py3-none-any.whl (7.8 kB)
Downloading notebook_shim-0.2.4-py3-none-any.whl (13 kB)
Downloading numexpr-2.14.1-cp310-cp310-manylinux_2_27_x86_64.manylinux_2_28_x86_64.whl (440 kB)
Downloading overrides-7.7.0-py3-none-any.whl (17 kB)
Downloading pandocfilters-1.5.1-py2.py3-none-any.whl (8.7 kB)
Downloading pexpect-4.9.0-py2.py3-none-any.whl (63 kB)
Downloading pillow-12.2.0-cp310-cp310-manylinux_2_27_x86_64.manylinux_2_28_x86_64.whl (7.1 MB)
   ━━━━━━━━━━━━━━━━━━━━━━━━━━━━━━━━━━━━━━━━ 7.1/7.1 MB 60.4 MB/s  0:00:00
Downloading platformdirs-4.10.0-py3-none-any.whl (22 kB)
Downloading prometheus_client-0.25.0-py3-none-any.whl (64 kB)
Downloading psutil-7.2.2-cp36-abi3-manylinux2010_x86_64.manylinux_2_12_x86_64.manylinux_2_28_x86_64.whl (155 kB)
Downloading ptyprocess-0.7.0-py2.py3-none-any.whl (13 kB)
Downloading pygments-2.20.0-py3-none-any.whl (1.2 MB)
   ━━━━━━━━━━━━━━━━━━━━━━━━━━━━━━━━━━━━━━━━ 1.2/1.2 MB 19.5 MB/s  0:00:00
Downloading pyparsing-3.3.2-py3-none-any.whl (122 kB)
Downloading python_dateutil-2.9.0.post0-py2.py3-none-any.whl (229 kB)
Downloading python_json_logger-4.1.0-py3-none-any.whl (15 kB)
Downloading pytz-2026.2-py2.py3-none-any.whl (510 kB)
Downloading pyyaml-6.0.3-cp310-cp310-manylinux2014_x86_64.manylinux_2_17_x86_64.manylinux_2_28_x86_64.whl (770 kB)
   ━━━━━━━━━━━━━━━━━━━━━━━━━━━━━━━━━━━━━━━━ 770.3/770.3 kB 14.8 MB/s  0:00:00
Downloading pyzmq-27.1.0-cp310-cp310-manylinux_2_26_x86_64.manylinux_2_28_x86_64.whl (854 kB)
   ━━━━━━━━━━━━━━━━━━━━━━━━━━━━━━━━━━━━━━━━ 854.1/854.1 kB 23.9 MB/s  0:00:00
Downloading referencing-0.37.0-py3-none-any.whl (26 kB)
Downloading rfc3986_validator-0.1.1-py2.py3-none-any.whl (4.2 kB)
Downloading rfc3987_syntax-1.1.0-py3-none-any.whl (8.0 kB)
Downloading lark-1.3.1-py3-none-any.whl (113 kB)
Downloading rpds_py-0.30.0-cp310-cp310-manylinux_2_17_x86_64.manylinux2014_x86_64.whl (390 kB)
Downloading send2trash-2.1.0-py3-none-any.whl (17 kB)
Downloading six-1.17.0-py2.py3-none-any.whl (11 kB)
Downloading terminado-0.18.1-py3-none-any.whl (14 kB)
Downloading tinycss2-1.5.1-py3-none-any.whl (28 kB)
Downloading tomli-2.4.1-py3-none-any.whl (14 kB)
Downloading tornado-6.5.7-cp39-abi3-manylinux1_x86_64.manylinux_2_28_x86_64.manylinux_2_5_x86_64.whl (449 kB)
Downloading traitlets-5.15.1-py3-none-any.whl (85 kB)
Downloading typing_extensions-4.15.0-py3-none-any.whl (44 kB)
Downloading tzdata-2026.2-py2.py3-none-any.whl (349 kB)
Downloading webcolors-25.10.0-py3-none-any.whl (14 kB)
Downloading webencodings-0.5.1-py2.py3-none-any.whl (11 kB)
Downloading websocket_client-1.9.0-py3-none-any.whl (82 kB)
Downloading xrootd-6.0.3-cp310-cp310-manylinux_2_28_x86_64.whl (8.7 MB)
   ━━━━━━━━━━━━━━━━━━━━━━━━━━━━━━━━━━━━━━━━ 8.7/8.7 MB 90.8 MB/s  0:00:00
Downloading zipp-4.1.0-py3-none-any.whl (10 kB)
Downloading argon2_cffi_bindings-25.1.0-cp39-abi3-manylinux_2_26_x86_64.manylinux_2_28_x86_64.whl (87 kB)
Downloading beautifulsoup4-4.15.0-py3-none-any.whl (109 kB)
Downloading soupsieve-2.8.4-py3-none-any.whl (37 kB)
Downloading decorator-5.3.1-py3-none-any.whl (10 kB)
Downloading defusedxml-0.7.1-py2.py3-none-any.whl (25 kB)
Downloading fqdn-1.5.1-py3-none-any.whl (9.1 kB)
Downloading isoduration-20.11.0-py3-none-any.whl (11 kB)
Downloading arrow-1.4.0-py3-none-any.whl (68 kB)
Downloading jupyterlab_pygments-0.3.0-py3-none-any.whl (15 kB)
Downloading msgpack-1.2.0-cp310-cp310-manylinux2014_x86_64.manylinux_2_17_x86_64.manylinux_2_28_x86_64.whl (405 kB)
Downloading ndindex-1.10.1-cp310-cp310-manylinux_2_24_x86_64.manylinux_2_28_x86_64.whl (495 kB)
Downloading py_cpuinfo-9.0.0-py3-none-any.whl (22 kB)
Downloading pycparser-3.0-py3-none-any.whl (48 kB)
Downloading pydantic-2.13.4-py3-none-any.whl (472 kB)
Downloading pydantic_core-2.46.4-cp310-cp310-manylinux_2_17_x86_64.manylinux2014_x86_64.whl (2.1 MB)
   ━━━━━━━━━━━━━━━━━━━━━━━━━━━━━━━━━━━━━━━━ 2.1/2.1 MB 40.8 MB/s  0:00:00
Downloading annotated_types-0.7.0-py3-none-any.whl (13 kB)
Downloading typing_inspection-0.4.2-py3-none-any.whl (14 kB)
Downloading rfc3339_validator-0.1.4-py2.py3-none-any.whl (3.5 kB)
Downloading stack_data-0.6.3-py3-none-any.whl (24 kB)
Downloading asttokens-3.0.1-py3-none-any.whl (27 kB)
Downloading executing-2.2.1-py2.py3-none-any.whl (28 kB)
Downloading pure_eval-0.2.3-py3-none-any.whl (11 kB)
Downloading threadpoolctl-3.6.0-py3-none-any.whl (18 kB)
Downloading uri_template-1.3.0-py3-none-any.whl (11 kB)
Downloading wcwidth-0.8.1-py3-none-any.whl (323 kB)
Installing collected packages: xrootd, webencodings, pytz, py-cpuinfo, pure-eval, ptyprocess, fastjsonschema, zipp, xxhash, widgetsnbextension, websocket-client, webcolors, wcwidth, uri-template, tzdata, typing-extensions, traitlets, tqdm, tornado, tomli, tinycss2, threadpoolctl, soupsieve, six, send2trash, scipy, rpds-py, rfc3986-validator, pyzmq, pyyaml, python-json-logger, pyparsing, pygments, pycparser, psutil, prometheus-client, platformdirs, pillow, pexpect, parso, pandocfilters, overrides, numexpr, nest-asyncio2, ndindex, msgpack, MarkupSafe, lz4, lark, kiwisolver, jupyterlab_widgets, jupyterlab-pygments, jsonpointer, json5, h5py, h11, fsspec, fqdn, fonttools, executing, emcee, dill, defusedxml, decorator, debugpy, cycler, cramjam, contourpy, comm, bleach, babel, awkward-cpp, attrs, asttokens, annotated-types, typing-inspection, terminado, stack_data, rfc3987-syntax, rfc3339-validator, referencing, python-dateutil, pydantic-core, prompt_toolkit, mistune, matplotlib-inline, jupyter-core, jinja2, jedi, importlib-metadata, httpcore, fsspec-xrootd, exceptiongroup, cffi, beautifulsoup4, async-lru, pydantic, pandas, matplotlib, jupyter-server-terminals, jupyter-client, jsonschema-specifications, ipython, awkward, arrow, argon2-cffi-bindings, anyio, uproot, jsonschema, isoduration, ipywidgets, ipykernel, httpx, corner, blosc2, awkward-pandas, argon2-cffi, tables, nbformat, nbstripout, nbclient, jupyter-events, nbconvert, jupyter-server, notebook-shim, jupyterlab-server, jupyter-lsp, jupyterlab

Successfully installed MarkupSafe-3.0.3 annotated-types-0.7.0 anyio-4.14.0 argon2-cffi-25.1.0 argon2-cffi-bindings-25.1.0 arrow-1.4.0 asttokens-3.0.1 async-lru-2.3.0 attrs-26.1.0 awkward-2.9.1 awkward-cpp-53 awkward-pandas-2023.8.0 babel-2.18.0 beautifulsoup4-4.15.0 bleach-6.4.0 blosc2-4.3.3 cffi-2.0.0 comm-0.2.3 contourpy-1.3.2 corner-2.2.3 cramjam-2.11.0 cycler-0.12.1 debugpy-1.8.21 decorator-5.3.1 defusedxml-0.7.1 dill-0.4.1 emcee-3.1.6 exceptiongroup-1.3.1 executing-2.2.1 fastjsonschema-2.21.2 fonttools-4.63.0 fqdn-1.5.1 fsspec-2026.6.0 fsspec-xrootd-0.5.5 h11-0.16.0 h5py-3.16.0 httpcore-1.0.9 httpx-0.28.1 importlib-metadata-9.0.0 ipykernel-7.3.0 ipython-8.39.0 ipywidgets-8.1.8 isoduration-20.11.0 jedi-0.20.0 jinja2-3.1.6 json5-0.14.0 jsonpointer-3.1.1 jsonschema-4.26.0 jsonschema-specifications-2025.9.1 jupyter-client-8.9.1 jupyter-core-5.9.1 jupyter-events-0.12.1 jupyter-lsp-2.3.1 jupyter-server-2.19.0 jupyter-server-terminals-0.5.4 jupyterlab-4.3.5 jupyterlab-pygments-0.3.0 jupyterlab-server-2.28.0 jupyterlab_widgets-3.0.16 kiwisolver-1.5.0 lark-1.3.1 lz4-4.4.5 matplotlib-3.10.9 matplotlib-inline-0.2.2 mistune-3.2.1 msgpack-1.2.0 nbclient-0.11.0 nbconvert-7.17.1 nbformat-5.10.4 nbstripout-0.9.1 ndindex-1.10.1 nest-asyncio2-1.7.2 notebook-shim-0.2.4 numexpr-2.14.1 overrides-7.7.0 pandas-2.2.2 pandocfilters-1.5.1 parso-0.8.7 pexpect-4.9.0 pillow-12.2.0 platformdirs-4.10.0 prometheus-client-0.25.0 prompt_toolkit-3.0.52 psutil-7.2.2 ptyprocess-0.7.0 pure-eval-0.2.3 py-cpuinfo-9.0.0 pycparser-3.0 pydantic-2.13.4 pydantic-core-2.46.4 pygments-2.20.0 pyparsing-3.3.2 python-dateutil-2.9.0.post0 python-json-logger-4.1.0 pytz-2026.2 pyyaml-6.0.3 pyzmq-27.1.0 referencing-0.37.0 rfc3339-validator-0.1.4 rfc3986-validator-0.1.1 rfc3987-syntax-1.1.0 rpds-py-0.30.0 scipy-1.15.3 send2trash-2.1.0 six-1.17.0 soupsieve-2.8.4 stack_data-0.6.3 tables-3.10.1 terminado-0.18.1 threadpoolctl-3.6.0 tinycss2-1.5.1 tomli-2.4.1 tornado-6.5.7 tqdm-4.68.2 traitlets-5.15.1 typing-extensions-4.15.0 typing-inspection-0.4.2 tzdata-2026.2 uproot-5.6.3 uri-template-1.3.0 wcwidth-0.8.1 webcolors-25.10.0 webencodings-0.5.1 websocket-client-1.9.0 widgetsnbextension-4.0.15 xrootd-6.0.3 xxhash-3.7.0 zipp-4.1.0
